Archive member included to satisfy reference by file (symbol)

c:/program files (x86)/atmel/studio7/7.0/toolchain/avr8/avr8-gnu-toolchain/bin/../lib/gcc/avr/4.9.2/avr25/tiny-stack\libgcc.a(_exit.o)
                              C:/Program Files (x86)/Atmel/Studio7/7.0/Packs/atmel/ATtiny_DFP/1.0.71/gcc/dev/attiny2313a/avr25/tiny-stack/crtattiny2313a.o (exit)
c:/program files (x86)/atmel/studio7/7.0/toolchain/avr8/avr8-gnu-toolchain/bin/../lib/gcc/avr/4.9.2/avr25/tiny-stack\libgcc.a(_copy_data.o)
                              clock.o (__do_copy_data)
c:/program files (x86)/atmel/studio7/7.0/toolchain/avr8/avr8-gnu-toolchain/bin/../lib/gcc/avr/4.9.2/avr25/tiny-stack\libgcc.a(_clear_bss.o)
                              buttons.o (__do_clear_bss)

Allocating common symbols
Common symbol       size              file

buffer              0xa               main.o
key_rpt             0x1               buttons.o
key_press           0x1               buttons.o
key_state           0x1               buttons.o

Discarded input sections

 .data          0x00000000        0x0 C:/Program Files (x86)/Atmel/Studio7/7.0/Packs/atmel/ATtiny_DFP/1.0.71/gcc/dev/attiny2313a/avr25/tiny-stack/crtattiny2313a.o
 .bss           0x00000000        0x0 C:/Program Files (x86)/Atmel/Studio7/7.0/Packs/atmel/ATtiny_DFP/1.0.71/gcc/dev/attiny2313a/avr25/tiny-stack/crtattiny2313a.o
 .text          0x00000000        0x0 buttons.o
 .data          0x00000000        0x0 buttons.o
 .bss           0x00000000        0x0 buttons.o
 .text.get_key_state
                0x00000000        0x8 buttons.o
 .bss.i         0x00000000        0x1 buttons.o
 .text          0x00000000        0x0 clock.o
 .data          0x00000000        0x0 clock.o
 .bss           0x00000000        0x0 clock.o
 .text.clock_init
                0x00000000        0x2 clock.o
 .data.date     0x00000000        0x1 clock.o
 .data.month    0x00000000        0x1 clock.o
 .data.year     0x00000000        0x2 clock.o
 .text          0x00000000        0x0 init.o
 .data          0x00000000        0x0 init.o
 .bss           0x00000000        0x0 init.o
 .text.toggle_pins
                0x00000000       0x22 init.o
 .bss.toggle    0x00000000        0x1 init.o
 .text          0x00000000        0x0 main.o
 .data          0x00000000        0x0 main.o
 .bss           0x00000000        0x0 main.o
 .text          0x00000000        0x0 sevenSeg.o
 .data          0x00000000        0x0 sevenSeg.o
 .bss           0x00000000        0x0 sevenSeg.o
 .text.sevenSeg_val_to_ones
                0x00000000       0x16 sevenSeg.o
 .text          0x00000000        0x0 twi.o
 .data          0x00000000        0x0 twi.o
 .bss           0x00000000        0x0 twi.o
 .text          0x00000000        0x0 c:/program files (x86)/atmel/studio7/7.0/toolchain/avr8/avr8-gnu-toolchain/bin/../lib/gcc/avr/4.9.2/avr25/tiny-stack\libgcc.a(_exit.o)
 .data          0x00000000        0x0 c:/program files (x86)/atmel/studio7/7.0/toolchain/avr8/avr8-gnu-toolchain/bin/../lib/gcc/avr/4.9.2/avr25/tiny-stack\libgcc.a(_exit.o)
 .bss           0x00000000        0x0 c:/program files (x86)/atmel/studio7/7.0/toolchain/avr8/avr8-gnu-toolchain/bin/../lib/gcc/avr/4.9.2/avr25/tiny-stack\libgcc.a(_exit.o)
 .text.libgcc.mul
                0x00000000        0x0 c:/program files (x86)/atmel/studio7/7.0/toolchain/avr8/avr8-gnu-toolchain/bin/../lib/gcc/avr/4.9.2/avr25/tiny-stack\libgcc.a(_exit.o)
 .text.libgcc.div
                0x00000000        0x0 c:/program files (x86)/atmel/studio7/7.0/toolchain/avr8/avr8-gnu-toolchain/bin/../lib/gcc/avr/4.9.2/avr25/tiny-stack\libgcc.a(_exit.o)
 .text.libgcc   0x00000000        0x0 c:/program files (x86)/atmel/studio7/7.0/toolchain/avr8/avr8-gnu-toolchain/bin/../lib/gcc/avr/4.9.2/avr25/tiny-stack\libgcc.a(_exit.o)
 .text.libgcc.prologue
                0x00000000        0x0 c:/program files (x86)/atmel/studio7/7.0/toolchain/avr8/avr8-gnu-toolchain/bin/../lib/gcc/avr/4.9.2/avr25/tiny-stack\libgcc.a(_exit.o)
 .text.libgcc.builtins
                0x00000000        0x0 c:/program files (x86)/atmel/studio7/7.0/toolchain/avr8/avr8-gnu-toolchain/bin/../lib/gcc/avr/4.9.2/avr25/tiny-stack\libgcc.a(_exit.o)
 .text.libgcc.fmul
                0x00000000        0x0 c:/program files (x86)/atmel/studio7/7.0/toolchain/avr8/avr8-gnu-toolchain/bin/../lib/gcc/avr/4.9.2/avr25/tiny-stack\libgcc.a(_exit.o)
 .text.libgcc.fixed
                0x00000000        0x0 c:/program files (x86)/atmel/studio7/7.0/toolchain/avr8/avr8-gnu-toolchain/bin/../lib/gcc/avr/4.9.2/avr25/tiny-stack\libgcc.a(_exit.o)
 .text          0x00000000        0x0 c:/program files (x86)/atmel/studio7/7.0/toolchain/avr8/avr8-gnu-toolchain/bin/../lib/gcc/avr/4.9.2/avr25/tiny-stack\libgcc.a(_copy_data.o)
 .data          0x00000000        0x0 c:/program files (x86)/atmel/studio7/7.0/toolchain/avr8/avr8-gnu-toolchain/bin/../lib/gcc/avr/4.9.2/avr25/tiny-stack\libgcc.a(_copy_data.o)
 .bss           0x00000000        0x0 c:/program files (x86)/atmel/studio7/7.0/toolchain/avr8/avr8-gnu-toolchain/bin/../lib/gcc/avr/4.9.2/avr25/tiny-stack\libgcc.a(_copy_data.o)
 .text.libgcc.mul
                0x00000000        0x0 c:/program files (x86)/atmel/studio7/7.0/toolchain/avr8/avr8-gnu-toolchain/bin/../lib/gcc/avr/4.9.2/avr25/tiny-stack\libgcc.a(_copy_data.o)
 .text.libgcc.div
                0x00000000        0x0 c:/program files (x86)/atmel/studio7/7.0/toolchain/avr8/avr8-gnu-toolchain/bin/../lib/gcc/avr/4.9.2/avr25/tiny-stack\libgcc.a(_copy_data.o)
 .text.libgcc   0x00000000        0x0 c:/program files (x86)/atmel/studio7/7.0/toolchain/avr8/avr8-gnu-toolchain/bin/../lib/gcc/avr/4.9.2/avr25/tiny-stack\libgcc.a(_copy_data.o)
 .text.libgcc.prologue
                0x00000000        0x0 c:/program files (x86)/atmel/studio7/7.0/toolchain/avr8/avr8-gnu-toolchain/bin/../lib/gcc/avr/4.9.2/avr25/tiny-stack\libgcc.a(_copy_data.o)
 .text.libgcc.builtins
                0x00000000        0x0 c:/program files (x86)/atmel/studio7/7.0/toolchain/avr8/avr8-gnu-toolchain/bin/../lib/gcc/avr/4.9.2/avr25/tiny-stack\libgcc.a(_copy_data.o)
 .text.libgcc.fmul
                0x00000000        0x0 c:/program files (x86)/atmel/studio7/7.0/toolchain/avr8/avr8-gnu-toolchain/bin/../lib/gcc/avr/4.9.2/avr25/tiny-stack\libgcc.a(_copy_data.o)
 .text.libgcc.fixed
                0x00000000        0x0 c:/program files (x86)/atmel/studio7/7.0/toolchain/avr8/avr8-gnu-toolchain/bin/../lib/gcc/avr/4.9.2/avr25/tiny-stack\libgcc.a(_copy_data.o)
 .text          0x00000000        0x0 c:/program files (x86)/atmel/studio7/7.0/toolchain/avr8/avr8-gnu-toolchain/bin/../lib/gcc/avr/4.9.2/avr25/tiny-stack\libgcc.a(_clear_bss.o)
 .data          0x00000000        0x0 c:/program files (x86)/atmel/studio7/7.0/toolchain/avr8/avr8-gnu-toolchain/bin/../lib/gcc/avr/4.9.2/avr25/tiny-stack\libgcc.a(_clear_bss.o)
 .bss           0x00000000        0x0 c:/program files (x86)/atmel/studio7/7.0/toolchain/avr8/avr8-gnu-toolchain/bin/../lib/gcc/avr/4.9.2/avr25/tiny-stack\libgcc.a(_clear_bss.o)
 .text.libgcc.mul
                0x00000000        0x0 c:/program files (x86)/atmel/studio7/7.0/toolchain/avr8/avr8-gnu-toolchain/bin/../lib/gcc/avr/4.9.2/avr25/tiny-stack\libgcc.a(_clear_bss.o)
 .text.libgcc.div
                0x00000000        0x0 c:/program files (x86)/atmel/studio7/7.0/toolchain/avr8/avr8-gnu-toolchain/bin/../lib/gcc/avr/4.9.2/avr25/tiny-stack\libgcc.a(_clear_bss.o)
 .text.libgcc   0x00000000        0x0 c:/program files (x86)/atmel/studio7/7.0/toolchain/avr8/avr8-gnu-toolchain/bin/../lib/gcc/avr/4.9.2/avr25/tiny-stack\libgcc.a(_clear_bss.o)
 .text.libgcc.prologue
                0x00000000        0x0 c:/program files (x86)/atmel/studio7/7.0/toolchain/avr8/avr8-gnu-toolchain/bin/../lib/gcc/avr/4.9.2/avr25/tiny-stack\libgcc.a(_clear_bss.o)
 .text.libgcc.builtins
                0x00000000        0x0 c:/program files (x86)/atmel/studio7/7.0/toolchain/avr8/avr8-gnu-toolchain/bin/../lib/gcc/avr/4.9.2/avr25/tiny-stack\libgcc.a(_clear_bss.o)
 .text.libgcc.fmul
                0x00000000        0x0 c:/program files (x86)/atmel/studio7/7.0/toolchain/avr8/avr8-gnu-toolchain/bin/../lib/gcc/avr/4.9.2/avr25/tiny-stack\libgcc.a(_clear_bss.o)
 .text.libgcc.fixed
                0x00000000        0x0 c:/program files (x86)/atmel/studio7/7.0/toolchain/avr8/avr8-gnu-toolchain/bin/../lib/gcc/avr/4.9.2/avr25/tiny-stack\libgcc.a(_clear_bss.o)

Memory Configuration

Name             Origin             Length             Attributes
text             0x00000000         0x00002000         xr
data             0x00800060         0x0000ffa0         rw !x
eeprom           0x00810000         0x00010000         rw !x
fuse             0x00820000         0x00000400         rw !x
lock             0x00830000         0x00000400         rw !x
signature        0x00840000         0x00000400         rw !x
user_signatures  0x00850000         0x00000400         rw !x
*default*        0x00000000         0xffffffff

Linker script and memory map

LOAD C:/Program Files (x86)/Atmel/Studio7/7.0/Packs/atmel/ATtiny_DFP/1.0.71/gcc/dev/attiny2313a/avr25/tiny-stack/crtattiny2313a.o
LOAD buttons.o
LOAD clock.o
LOAD init.o
LOAD main.o
LOAD sevenSeg.o
LOAD twi.o
START GROUP
LOAD c:/program files (x86)/atmel/studio7/7.0/toolchain/avr8/avr8-gnu-toolchain/bin/../lib/gcc/avr/4.9.2/../../../../avr/lib/avr25/tiny-stack\libm.a
END GROUP
START GROUP
LOAD c:/program files (x86)/atmel/studio7/7.0/toolchain/avr8/avr8-gnu-toolchain/bin/../lib/gcc/avr/4.9.2/avr25/tiny-stack\libgcc.a
LOAD c:/program files (x86)/atmel/studio7/7.0/toolchain/avr8/avr8-gnu-toolchain/bin/../lib/gcc/avr/4.9.2/../../../../avr/lib/avr25/tiny-stack\libm.a
LOAD c:/program files (x86)/atmel/studio7/7.0/toolchain/avr8/avr8-gnu-toolchain/bin/../lib/gcc/avr/4.9.2/../../../../avr/lib/avr25/tiny-stack\libc.a
LOAD C:/Program Files (x86)/Atmel/Studio7/7.0/Packs/atmel/ATtiny_DFP/1.0.71/gcc/dev/attiny2313a/avr25/tiny-stack\libattiny2313a.a
END GROUP

.hash
 *(.hash)

.dynsym
 *(.dynsym)

.dynstr
 *(.dynstr)

.gnu.version
 *(.gnu.version)

.gnu.version_d
 *(.gnu.version_d)

.gnu.version_r
 *(.gnu.version_r)

.rel.init
 *(.rel.init)

.rela.init
 *(.rela.init)

.rel.text
 *(.rel.text)
 *(.rel.text.*)
 *(.rel.gnu.linkonce.t*)

.rela.text
 *(.rela.text)
 *(.rela.text.*)
 *(.rela.gnu.linkonce.t*)

.rel.fini
 *(.rel.fini)

.rela.fini
 *(.rela.fini)

.rel.rodata
 *(.rel.rodata)
 *(.rel.rodata.*)
 *(.rel.gnu.linkonce.r*)

.rela.rodata
 *(.rela.rodata)
 *(.rela.rodata.*)
 *(.rela.gnu.linkonce.r*)

.rel.data
 *(.rel.data)
 *(.rel.data.*)
 *(.rel.gnu.linkonce.d*)

.rela.data
 *(.rela.data)
 *(.rela.data.*)
 *(.rela.gnu.linkonce.d*)

.rel.ctors
 *(.rel.ctors)

.rela.ctors
 *(.rela.ctors)

.rel.dtors
 *(.rel.dtors)

.rela.dtors
 *(.rela.dtors)

.rel.got
 *(.rel.got)

.rela.got
 *(.rela.got)

.rel.bss
 *(.rel.bss)

.rela.bss
 *(.rela.bss)

.rel.plt
 *(.rel.plt)

.rela.plt
 *(.rela.plt)

.text           0x00000000      0x482
 *(.vectors)
 .vectors       0x00000000       0x2a C:/Program Files (x86)/Atmel/Studio7/7.0/Packs/atmel/ATtiny_DFP/1.0.71/gcc/dev/attiny2313a/avr25/tiny-stack/crtattiny2313a.o
                0x00000000                __vector_default
                0x00000000                __vectors
 *(.vectors)
 *(.progmem.gcc*)
                0x0000002a                . = ALIGN (0x2)
                0x0000002a                __trampolines_start = .
 *(.trampolines)
 .trampolines   0x0000002a        0x0 linker stubs
 *(.trampolines*)
                0x0000002a                __trampolines_end = .
 *(.progmem*)
                0x0000002a                . = ALIGN (0x2)
 *(.jumptables)
 *(.jumptables*)
 *(.lowtext)
 *(.lowtext*)
                0x0000002a                __ctors_start = .
 *(.ctors)
                0x0000002a                __ctors_end = .
                0x0000002a                __dtors_start = .
 *(.dtors)
                0x0000002a                __dtors_end = .
 SORT(*)(.ctors)
 SORT(*)(.dtors)
 *(.init0)
 .init0         0x0000002a        0x0 C:/Program Files (x86)/Atmel/Studio7/7.0/Packs/atmel/ATtiny_DFP/1.0.71/gcc/dev/attiny2313a/avr25/tiny-stack/crtattiny2313a.o
                0x0000002a                __init
 *(.init0)
 *(.init1)
 *(.init1)
 *(.init2)
 .init2         0x0000002a        0x8 C:/Program Files (x86)/Atmel/Studio7/7.0/Packs/atmel/ATtiny_DFP/1.0.71/gcc/dev/attiny2313a/avr25/tiny-stack/crtattiny2313a.o
 *(.init2)
 *(.init3)
 *(.init3)
 *(.init4)
 .init4         0x00000032       0x16 c:/program files (x86)/atmel/studio7/7.0/toolchain/avr8/avr8-gnu-toolchain/bin/../lib/gcc/avr/4.9.2/avr25/tiny-stack\libgcc.a(_copy_data.o)
                0x00000032                __do_copy_data
 .init4         0x00000048       0x10 c:/program files (x86)/atmel/studio7/7.0/toolchain/avr8/avr8-gnu-toolchain/bin/../lib/gcc/avr/4.9.2/avr25/tiny-stack\libgcc.a(_clear_bss.o)
                0x00000048                __do_clear_bss
 *(.init4)
 *(.init5)
 *(.init5)
 *(.init6)
 *(.init6)
 *(.init7)
 *(.init7)
 *(.init8)
 *(.init8)
 *(.init9)
 .init9         0x00000058        0x4 C:/Program Files (x86)/Atmel/Studio7/7.0/Packs/atmel/ATtiny_DFP/1.0.71/gcc/dev/attiny2313a/avr25/tiny-stack/crtattiny2313a.o
 *(.init9)
 *(.text)
 .text          0x0000005c        0x2 C:/Program Files (x86)/Atmel/Studio7/7.0/Packs/atmel/ATtiny_DFP/1.0.71/gcc/dev/attiny2313a/avr25/tiny-stack/crtattiny2313a.o
                0x0000005c                __vector_1
                0x0000005c                __vector_12
                0x0000005c                __bad_interrupt
                0x0000005c                __vector_3
                0x0000005c                __vector_11
                0x0000005c                __vector_13
                0x0000005c                __vector_17
                0x0000005c                __vector_19
                0x0000005c                __vector_7
                0x0000005c                __vector_5
                0x0000005c                __vector_9
                0x0000005c                __vector_2
                0x0000005c                __vector_15
                0x0000005c                __vector_8
                0x0000005c                __vector_14
                0x0000005c                __vector_10
                0x0000005c                __vector_16
                0x0000005c                __vector_18
                0x0000005c                __vector_20
                0x0000005e                . = ALIGN (0x2)
 *(.text.*)
 .text.__vector_6
                0x0000005e       0xae buttons.o
                0x0000005e                __vector_6
 .text.get_key_press
                0x0000010c       0x16 buttons.o
                0x0000010c                get_key_press
 .text.get_key_rpt
                0x00000122       0x16 buttons.o
                0x00000122                get_key_rpt
 .text.get_key_short
                0x00000138        0xe buttons.o
                0x00000138                get_key_short
 .text.get_key_long
                0x00000146        0x6 buttons.o
                0x00000146                get_key_long
 .text.init_buttons
                0x0000014c        0xe buttons.o
                0x0000014c                init_buttons
 .text.checkButtons
                0x0000015a       0x32 buttons.o
                0x0000015a                checkButtons
 .text.adjust_time
                0x0000018c       0x3a clock.o
                0x0000018c                adjust_time
 .text.init_pins
                0x000001c6        0xe init.o
                0x000001c6                init_pins
 .text.main     0x000001d4       0x42 main.o
                0x000001d4                main
 .text.sevenSeg_init
                0x00000216       0x4a sevenSeg.o
                0x00000216                sevenSeg_init
 .text.sevenSeg_val_to_tens
                0x00000260       0x4c sevenSeg.o
                0x00000260                sevenSeg_val_to_tens
 .text.sevenSeg_val_to_binary
                0x000002ac       0x2e sevenSeg.o
                0x000002ac                sevenSeg_val_to_binary
 .text.__vector_4
                0x000002da      0x12e sevenSeg.o
                0x000002da                __vector_4
 .text.sevenSeg_change_brightness
                0x00000408       0x20 sevenSeg.o
                0x00000408                sevenSeg_change_brightness
 .text.twi_init
                0x00000428        0xc twi.o
                0x00000428                twi_init
 .text.twi_transceive
                0x00000434       0x12 twi.o
                0x00000434                twi_transceive
 .text.twi_transceive_buffer
                0x00000446       0x38 twi.o
                0x00000446                twi_transceive_buffer
                0x0000047e                . = ALIGN (0x2)
 *(.fini9)
 .fini9         0x0000047e        0x0 c:/program files (x86)/atmel/studio7/7.0/toolchain/avr8/avr8-gnu-toolchain/bin/../lib/gcc/avr/4.9.2/avr25/tiny-stack\libgcc.a(_exit.o)
                0x0000047e                _exit
                0x0000047e                exit
 *(.fini9)
 *(.fini8)
 *(.fini8)
 *(.fini7)
 *(.fini7)
 *(.fini6)
 *(.fini6)
 *(.fini5)
 *(.fini5)
 *(.fini4)
 *(.fini4)
 *(.fini3)
 *(.fini3)
 *(.fini2)
 *(.fini2)
 *(.fini1)
 *(.fini1)
 *(.fini0)
 .fini0         0x0000047e        0x4 c:/program files (x86)/atmel/studio7/7.0/toolchain/avr8/avr8-gnu-toolchain/bin/../lib/gcc/avr/4.9.2/avr25/tiny-stack\libgcc.a(_exit.o)
 *(.fini0)
                0x00000482                _etext = .

.data           0x00800060        0x4 load address 0x00000482
                0x00800060                PROVIDE (__data_start, .)
 *(.data)
 *(.data*)
 .data.minute   0x00800060        0x1 clock.o
                0x00800060                minute
 .data.hour     0x00800061        0x1 clock.o
                0x00800061                hour
 .data.current_digit
                0x00800062        0x1 sevenSeg.o
                0x00800062                current_digit
 .data.brightness
                0x00800063        0x1 sevenSeg.o
                0x00800063                brightness
 *(.rodata)
 *(.rodata*)
 *(.gnu.linkonce.d*)
                0x00800064                . = ALIGN (0x2)
                0x00800064                _edata = .
                0x00800064                PROVIDE (__data_end, .)

.bss            0x00800064       0x15
                0x00800064                PROVIDE (__bss_start, .)
 *(.bss)
 *(.bss*)
 .bss.rpt.1522  0x00800064        0x1 buttons.o
 .bss.ct1.1521  0x00800065        0x1 buttons.o
 .bss.ct0.1520  0x00800066        0x1 buttons.o
 .bss.cnt       0x00800067        0x1 buttons.o
                0x00800067                cnt
 .bss.second    0x00800068        0x1 clock.o
                0x00800068                second
 .bss.ms        0x00800069        0x2 sevenSeg.o
                0x00800069                ms
 .bss.dp        0x0080006b        0x1 sevenSeg.o
                0x0080006b                dp
 *(COMMON)
 COMMON         0x0080006c        0x3 buttons.o
                0x0080006c                key_rpt
                0x0080006d                key_press
                0x0080006e                key_state
 COMMON         0x0080006f        0xa main.o
                0x0080006f                buffer
                0x00800079                PROVIDE (__bss_end, .)
                0x00000482                __data_load_start = LOADADDR (.data)
                0x00000486                __data_load_end = (__data_load_start + SIZEOF (.data))

.noinit         0x00800079        0x0
                0x00800079                PROVIDE (__noinit_start, .)
 *(.noinit*)
                0x00800079                PROVIDE (__noinit_end, .)
                0x00800079                _end = .
                0x00800079                PROVIDE (__heap_start, .)

.eeprom         0x00810000        0x0
 *(.eeprom*)
                0x00810000                __eeprom_end = .

.fuse
 *(.fuse)
 *(.lfuse)
 *(.hfuse)
 *(.efuse)

.lock
 *(.lock*)

.signature
 *(.signature*)

.user_signatures
 *(.user_signatures*)

.stab
 *(.stab)

.stabstr
 *(.stabstr)

.stab.excl
 *(.stab.excl)

.stab.exclstr
 *(.stab.exclstr)

.stab.index
 *(.stab.index)

.stab.indexstr
 *(.stab.indexstr)

.comment        0x00000000       0x30
 *(.comment)
 .comment       0x00000000       0x30 buttons.o
                                 0x31 (size before relaxing)
 .comment       0x00000030       0x31 clock.o
 .comment       0x00000030       0x31 init.o
 .comment       0x00000030       0x31 main.o
 .comment       0x00000030       0x31 sevenSeg.o
 .comment       0x00000030       0x31 twi.o

.note.gnu.avr.deviceinfo
                0x00000000       0x40
 .note.gnu.avr.deviceinfo
                0x00000000       0x40 C:/Program Files (x86)/Atmel/Studio7/7.0/Packs/atmel/ATtiny_DFP/1.0.71/gcc/dev/attiny2313a/avr25/tiny-stack/crtattiny2313a.o

.note.gnu.build-id
 *(.note.gnu.build-id)

.debug
 *(.debug)

.line
 *(.line)

.debug_srcinfo
 *(.debug_srcinfo)

.debug_sfnames
 *(.debug_sfnames)

.debug_aranges  0x00000000      0x140
 *(.debug_aranges)
 .debug_aranges
                0x00000000       0x58 buttons.o
 .debug_aranges
                0x00000058       0x28 clock.o
 .debug_aranges
                0x00000080       0x28 init.o
 .debug_aranges
                0x000000a8       0x20 main.o
 .debug_aranges
                0x000000c8       0x48 sevenSeg.o
 .debug_aranges
                0x00000110       0x30 twi.o

.debug_pubnames
 *(.debug_pubnames)

.debug_info     0x00000000      0xb36
 *(.debug_info .gnu.linkonce.wi.*)
 .debug_info    0x00000000      0x308 buttons.o
 .debug_info    0x00000308      0x11a clock.o
 .debug_info    0x00000422       0xab init.o
 .debug_info    0x000004cd      0x214 main.o
 .debug_info    0x000006e1      0x2bd sevenSeg.o
 .debug_info    0x0000099e      0x198 twi.o

.debug_abbrev   0x00000000      0x678
 *(.debug_abbrev)
 .debug_abbrev  0x00000000      0x154 buttons.o
 .debug_abbrev  0x00000154       0x69 clock.o
 .debug_abbrev  0x000001bd       0x62 init.o
 .debug_abbrev  0x0000021f      0x18b main.o
 .debug_abbrev  0x000003aa      0x195 sevenSeg.o
 .debug_abbrev  0x0000053f      0x139 twi.o

.debug_line     0x00000000      0x6b3
 *(.debug_line .debug_line.* .debug_line_end)
 .debug_line    0x00000000      0x145 buttons.o
 .debug_line    0x00000145       0xb3 clock.o
 .debug_line    0x000001f8       0xb3 init.o
 .debug_line    0x000002ab      0x15c main.o
 .debug_line    0x00000407      0x169 sevenSeg.o
 .debug_line    0x00000570      0x143 twi.o

.debug_frame    0x00000000      0x25c
 *(.debug_frame)
 .debug_frame   0x00000000       0xb0 buttons.o
 .debug_frame   0x000000b0       0x34 clock.o
 .debug_frame   0x000000e4       0x34 init.o
 .debug_frame   0x00000118       0x24 main.o
 .debug_frame   0x0000013c       0xbc sevenSeg.o
 .debug_frame   0x000001f8       0x64 twi.o

.debug_str      0x00000000      0x397
 *(.debug_str)
 .debug_str     0x00000000      0x1cd buttons.o
                                0x228 (size before relaxing)
 .debug_str     0x000001cd       0x50 clock.o
                                0x1b6 (size before relaxing)
 .debug_str     0x0000021d       0x29 init.o
                                0x18f (size before relaxing)
 .debug_str     0x00000246       0x92 main.o
                                0x22f (size before relaxing)
 .debug_str     0x000002d8       0x88 sevenSeg.o
                                0x24f (size before relaxing)
 .debug_str     0x00000360       0x37 twi.o
                                0x1ff (size before relaxing)

.debug_loc      0x00000000      0x594
 *(.debug_loc)
 .debug_loc     0x00000000      0x120 buttons.o
 .debug_loc     0x00000120      0x330 sevenSeg.o
 .debug_loc     0x00000450      0x144 twi.o

.debug_macinfo
 *(.debug_macinfo)

.debug_weaknames
 *(.debug_weaknames)

.debug_funcnames
 *(.debug_funcnames)

.debug_typenames
 *(.debug_typenames)

.debug_varnames
 *(.debug_varnames)

.debug_pubtypes
 *(.debug_pubtypes)

.debug_ranges   0x00000000       0xe0
 *(.debug_ranges)
 .debug_ranges  0x00000000       0x48 buttons.o
 .debug_ranges  0x00000048       0x18 clock.o
 .debug_ranges  0x00000060       0x18 init.o
 .debug_ranges  0x00000078       0x10 main.o
 .debug_ranges  0x00000088       0x38 sevenSeg.o
 .debug_ranges  0x000000c0       0x20 twi.o

.debug_macro
 *(.debug_macro)
OUTPUT(7SegClock.elf elf32-avr)
LOAD linker stubs
